mktextfm pcrr8t
mktextfm pcrr8t
mktextfm phvr8t
mktextfm phvr8t
mktextfm phvb8t
mktextfm pcrb8t
mktextfm pcrr8t
mktextfm pcrr8t
mktextfm phvr8t
mktextfm phvr8t
mktextfm phvb8t
mktextfm pcrb8t
mktextfm pcrr8t
mktextfm pcrr8t
mktextfm phvr8t
mktextfm phvr8t
mktextfm phvb8t
mktextfm pcrb8t
mktextfm pcrr8t
mktextfm pcrr8t
mktextfm phvr8t
mktextfm phvr8t
mktextfm phvb8t
mktextfm pcrb8t
mktextfm pcrr8t
mktextfm pcrr8t
mktextfm phvr8t
mktextfm phvr8t
mktextfm phvb8t
mktextfm pcrb8t
mktextfm pcrr8t
mktextfm pcrr8t
mktextfm phvr8t
mktextfm phvr8t
mktextfm phvb8t
mktextfm pcrb8t
mktextfm pcrr8t
mktextfm pcrr8t
mktextfm phvr8t
mktextfm phvr8t
mktextfm phvb8t
mktextfm pcrb8t
mktextfm pcrr8t
mktextfm pcrr8t
mktextfm phvr8t
mktextfm phvr8t
mktextfm phvb8t
mktextfm pcrb8t
mktextfm pcrr8t
mktextfm pcrr8t
mktextfm phvr8t
mktextfm phvr8t
mktextfm phvb8t
mktextfm pcrb8t
mktextfm pcrr8t
mktextfm pcrr8t
mktextfm phvr8t
mktextfm phvr8t
mktextfm phvb8t
mktextfm pcrb8t
mktextfm pcrr8t
mktextfm pcrr8t
mktextfm phvr8t
mktextfm phvr8t
mktextfm phvb8t
mktextfm pcrb8t
mktextfm pcrr8t
mktextfm pcrr8t
mktextfm phvr8t
mktextfm phvr8t
mktextfm phvb8t
mktextfm pcrb8t
mktextfm pcrr8t
mktextfm pcrr8t
mktextfm phvr8t
mktextfm phvr8t
mktextfm phvb8t
mktextfm pcrb8t
mktextfm pcrr8t
mktextfm pcrr8t
mktextfm phvr8t
mktextfm phvr8t
mktextfm phvb8t
mktextfm pcrb8t
mktextfm pcrr8t
mktextfm pcrr8t
mktextfm phvr8t
mktextfm phvr8t
mktextfm phvb8t
mktextfm pcrb8t
mktextfm pcrr8t
mktextfm pcrr8t
mktextfm phvr8t
mktextfm phvr8t
mktextfm phvb8t
mktextfm pcrb8t
mktextfm pcrr8t
mktextfm pcrr8t
mktextfm phvr8t
mktextfm phvr8t
mktextfm phvb8t
mktextfm pcrb8t
mktextfm pcrr8t
mktextfm pcrr8t
mktextfm phvr8t
mktextfm phvr8t
mktextfm phvb8t
mktextfm pcrb8t
mktextfm pcrr8t
mktextfm pcrr8t
mktextfm phvr8t
mktextfm phvr8t
mktextfm phvb8t
mktextfm pcrb8t
mktextfm pcrr8t
mktextfm pcrr8t
mktextfm phvr8t
mktextfm phvr8t
mktextfm phvb8t
mktextfm pcrb8t
mktextfm pcrr8t
mktextfm pcrr8t
mktextfm phvr8t
mktextfm phvr8t
mktextfm phvb8t
mktextfm pcrb8t
mktextfm phvr8t
mktextfm phvr8t
mktextfm phvb8t
mktexpk --mfmode / --bdpi 600 --mag 1+0/600 --dpi 600 ecrm1200
mktexpk --mfmode / --bdpi 600 --mag 1+0/600 --dpi 600 ecrm1200
mktexpk --mfmode / --bdpi 600 --mag 1+0/600 --dpi 600 ecrm1200
mktexpk --mfmode / --bdpi 600 --mag 1+0/600 --dpi 600 ecrm1200
mktexpk --mfmode / --bdpi 600 --mag 1+0/600 --dpi 600 ecrm1200
mktexpk --mfmode / --bdpi 600 --mag 1+0/600 --dpi 600 ecrm1200
mktexpk --mfmode / --bdpi 600 --mag 1+0/600 --dpi 600 ecrm1200
mktexpk --mfmode / --bdpi 600 --mag 1+0/600 --dpi 600 ecrm1200
mktexpk --mfmode / --bdpi 600 --mag 1+0/600 --dpi 600 ecrm1200
mktexpk --mfmode / --bdpi 600 --mag 1+0/600 --dpi 600 ecrm1200
mktexpk --mfmode / --bdpi 600 --mag 1+0/600 --dpi 600 ecrm1200
